This is pdfTeX, Version 3.141592653-2.6-1.40.27 (MiKTeX 25.4) (preloaded format=pdflatex 2025.5.13)  2 JUN 2025 20:25
entering extended mode
 restricted \write18 enabled.
 file:line:error style messages enabled.
 %&-line parsing enabled.
**c:/Users/Joelb/OneDrive/Desktop/final-latex/battleships.tex
(c:/Users/Joelb/OneDrive/Desktop/final-latex/battleships.tex
LaTeX2e <2024-11-01> patch level 2
L3 programming layer <2025-04-14>
(C:\Users\Joelb\AppData\Local\Programs\MiKTeX\tex/latex/base\article.cls
Document Class: article 2024/06/29 v1.4n Standard LaTeX document class
(C:\Users\Joelb\AppData\Local\Programs\MiKTeX\tex/latex/base\size12.clo
File: size12.clo 2024/06/29 v1.4n Standard LaTeX file (size option)
)
\c@part=\count272
\c@section=\count273
\c@subsection=\count274
\c@subsubsection=\count275
\c@paragraph=\count276
\c@subparagraph=\count277
\c@figure=\count278
\c@table=\count279
\abovecaptionskip=\skip49
\belowcaptionskip=\skip50
\bibindent=\dimen146
) (C:\Users\Joelb\AppData\Local\Programs\MiKTeX\tex/generic/babel\babel.sty
Package: babel 2025/04/29 v25.8 The multilingual framework for pdfLaTeX, LuaLaTeX and XeLaTeX
\babel@savecnt=\count280
\U@D=\dimen147
\l@unhyphenated=\language79
 (C:\Users\Joelb\AppData\Local\Programs\MiKTeX\tex/generic/babel\txtbabel.def)
\bbl@readstream=\read2
\bbl@dirlevel=\count281

*************************************
* Local config file bblopts.cfg used
*
(C:\Users\Joelb\AppData\Local\Programs\MiKTeX\tex/latex/arabi\bblopts.cfg
File: bblopts.cfg 2005/09/08 v0.1 add Arabic and Farsi to "declared" options of babel
) (C:\Users\Joelb\AppData\Local\Programs\MiKTeX\tex/latex/babel-german\ngerman.ldf
Language: ngerman 2024/12/10 v2.15 German support for babel (post-1996 orthography)
 (C:\Users\Joelb\AppData\Local\Programs\MiKTeX\tex/generic/babel/locale/de\babel-ngerman.tex
Package babel Info: Importing font and identification data for ngerman
(babel)             from babel-de.ini. Reported on input line 11.
) (C:\Users\Joelb\AppData\Local\Programs\MiKTeX\tex/latex/babel-german\ngermanb.ldf
Language: ngermanb 2024/12/10 v2.15 German support for babel (post-1996 orthography)
Package babel Info: Making " an active character on input line 122.
))) (C:\Users\Joelb\AppData\Local\Programs\MiKTeX\tex/latex/base\fontenc.sty
Package: fontenc 2021/04/29 v2.0v Standard LaTeX package
) (C:\Users\Joelb\AppData\Local\Programs\MiKTeX\tex/latex/base\inputenc.sty
Package: inputenc 2024/02/08 v1.3d Input encoding file
\inpenc@prehook=\toks17
\inpenc@posthook=\toks18
) (C:\Users\Joelb\AppData\Local\Programs\MiKTeX\tex/latex/multirow\multirow.sty
Package: multirow 2024/11/12 v2.9 Span multiple rows of a table
\multirow@colwidth=\skip51
\multirow@cntb=\count282
\multirow@dima=\skip52
\bigstrutjot=\dimen148
) (C:\Users\Joelb\AppData\Local\Programs\MiKTeX\tex/latex/hyperref\hyperref.sty
Package: hyperref 2024-11-05 v7.01l Hypertext links for LaTeX
 (C:\Users\Joelb\AppData\Local\Programs\MiKTeX\tex/generic/iftex\iftex.sty
Package: iftex 2024/12/12 v1.0g TeX engine tests
) (C:\Users\Joelb\AppData\Local\Programs\MiKTeX\tex/latex/graphics\keyval.sty
Package: keyval 2022/05/29 v1.15 key=value parser (DPC)
\KV@toks@=\toks19
) (C:\Users\Joelb\AppData\Local\Programs\MiKTeX\tex/latex/kvsetkeys\kvsetkeys.sty
Package: kvsetkeys 2022-10-05 v1.19 Key value parser (HO)
) (C:\Users\Joelb\AppData\Local\Programs\MiKTeX\tex/generic/kvdefinekeys\kvdefinekeys.sty
Package: kvdefinekeys 2019-12-19 v1.6 Define keys (HO)
) (C:\Users\Joelb\AppData\Local\Programs\MiKTeX\tex/generic/pdfescape\pdfescape.sty
Package: pdfescape 2019/12/09 v1.15 Implements pdfTeX's escape features (HO)
 (C:\Users\Joelb\AppData\Local\Programs\MiKTeX\tex/generic/ltxcmds\ltxcmds.sty
Package: ltxcmds 2023-12-04 v1.26 LaTeX kernel commands for general use (HO)
) (C:\Users\Joelb\AppData\Local\Programs\MiKTeX\tex/generic/pdftexcmds\pdftexcmds.sty
Package: pdftexcmds 2020-06-27 v0.33 Utility functions of pdfTeX for LuaTeX (HO)
 (C:\Users\Joelb\AppData\Local\Programs\MiKTeX\tex/generic/infwarerr\infwarerr.sty
Package: infwarerr 2019/12/03 v1.5 Providing info/warning/error messages (HO)
)
Package pdftexcmds Info: \pdf@primitive is available.
Package pdftexcmds Info: \pdf@ifprimitive is available.
Package pdftexcmds Info: \pdfdraftmode found.
)) (C:\Users\Joelb\AppData\Local\Programs\MiKTeX\tex/latex/hycolor\hycolor.sty
Package: hycolor 2020-01-27 v1.10 Color options for hyperref/bookmark (HO)
) (C:\Users\Joelb\AppData\Local\Programs\MiKTeX\tex/latex/hyperref\nameref.sty
Package: nameref 2023-11-26 v2.56 Cross-referencing by name of section
 (C:\Users\Joelb\AppData\Local\Programs\MiKTeX\tex/latex/refcount\refcount.sty
Package: refcount 2019/12/15 v3.6 Data extraction from label references (HO)
) (C:\Users\Joelb\AppData\Local\Programs\MiKTeX\tex/generic/gettitlestring\gettitlestring.sty
Package: gettitlestring 2019/12/15 v1.6 Cleanup title references (HO)
 (C:\Users\Joelb\AppData\Local\Programs\MiKTeX\tex/latex/kvoptions\kvoptions.sty
Package: kvoptions 2022-06-15 v3.15 Key value format for package options (HO)
))
\c@section@level=\count283
) (C:\Users\Joelb\AppData\Local\Programs\MiKTeX\tex/latex/etoolbox\etoolbox.sty
Package: etoolbox 2025/02/11 v2.5l e-TeX tools for LaTeX (JAW)
\etb@tempcnta=\count284
) (C:\Users\Joelb\AppData\Local\Programs\MiKTeX\tex/generic/stringenc\stringenc.sty
Package: stringenc 2019/11/29 v1.12 Convert strings between diff. encodings (HO)
)
\@linkdim=\dimen149
\Hy@linkcounter=\count285
\Hy@pagecounter=\count286
 (C:\Users\Joelb\AppData\Local\Programs\MiKTeX\tex/latex/hyperref\pd1enc.def
File: pd1enc.def 2024-11-05 v7.01l Hyperref: PDFDocEncoding definition (HO)
Now handling font encoding PD1 ...
... no UTF-8 mapping file for font encoding PD1
) (C:\Users\Joelb\AppData\Local\Programs\MiKTeX\tex/generic/intcalc\intcalc.sty
Package: intcalc 2019/12/15 v1.3 Expandable calculations with integers (HO)
)
\Hy@SavedSpaceFactor=\count287
 (C:\Users\Joelb\AppData\Local\Programs\MiKTeX\tex/latex/hyperref\puenc.def
File: puenc.def 2024-11-05 v7.01l Hyperref: PDF Unicode definition (HO)
Now handling font encoding PU ...
... no UTF-8 mapping file for font encoding PU
)
Package hyperref Info: Hyper figures OFF on input line 4157.
Package hyperref Info: Link nesting OFF on input line 4162.
Package hyperref Info: Hyper index ON on input line 4165.
Package hyperref Info: Plain pages OFF on input line 4172.
Package hyperref Info: Backreferencing OFF on input line 4177.
Package hyperref Info: Implicit mode ON; LaTeX internals redefined.
Package hyperref Info: Bookmarks ON on input line 4424.
\c@Hy@tempcnt=\count288
 (C:\Users\Joelb\AppData\Local\Programs\MiKTeX\tex/latex/url\url.sty
\Urlmuskip=\muskip17
Package: url 2013/09/16  ver 3.4  Verb mode for urls, etc.
)
LaTeX Info: Redefining \url on input line 4763.
\XeTeXLinkMargin=\dimen150
 (C:\Users\Joelb\AppData\Local\Programs\MiKTeX\tex/generic/bitset\bitset.sty
Package: bitset 2019/12/09 v1.3 Handle bit-vector datatype (HO)
 (C:\Users\Joelb\AppData\Local\Programs\MiKTeX\tex/generic/bigintcalc\bigintcalc.sty
Package: bigintcalc 2019/12/15 v1.5 Expandable calculations on big integers (HO)
))
\Fld@menulength=\count289
\Field@Width=\dimen151
\Fld@charsize=\dimen152
Package hyperref Info: Hyper figures OFF on input line 6042.
Package hyperref Info: Link nesting OFF on input line 6047.
Package hyperref Info: Hyper index ON on input line 6050.
Package hyperref Info: backreferencing OFF on input line 6057.
Package hyperref Info: Link coloring OFF on input line 6062.
Package hyperref Info: Link coloring with OCG OFF on input line 6067.
Package hyperref Info: PDF/A mode OFF on input line 6072.
 (C:\Users\Joelb\AppData\Local\Programs\MiKTeX\tex/latex/base\atbegshi-ltx.sty
Package: atbegshi-ltx 2021/01/10 v1.0c Emulation of the original atbegshi
package with kernel methods
)
\Hy@abspage=\count290
\c@Item=\count291
\c@Hfootnote=\count292
)
Package hyperref Info: Driver (autodetected): hpdftex.
 (C:\Users\Joelb\AppData\Local\Programs\MiKTeX\tex/latex/hyperref\hpdftex.def
File: hpdftex.def 2024-11-05 v7.01l Hyperref driver for pdfTeX
 (C:\Users\Joelb\AppData\Local\Programs\MiKTeX\tex/latex/base\atveryend-ltx.sty
Package: atveryend-ltx 2020/08/19 v1.0a Emulation of the original atveryend package
with kernel methods
)
\Fld@listcount=\count293
\c@bookmark@seq@number=\count294
 (C:\Users\Joelb\AppData\Local\Programs\MiKTeX\tex/latex/rerunfilecheck\rerunfilecheck.sty
Package: rerunfilecheck 2022-07-10 v1.10 Rerun checks for auxiliary files (HO)
 (C:\Users\Joelb\AppData\Local\Programs\MiKTeX\tex/generic/uniquecounter\uniquecounter.sty
Package: uniquecounter 2019/12/15 v1.4 Provide unlimited unique counter (HO)
)
Package uniquecounter Info: New unique counter `rerunfilecheck' on input line 285.
)
\Hy@SectionHShift=\skip53
) (C:\Users\Joelb\AppData\Local\Programs\MiKTeX\tex/latex/titleref\titleref.sty
Package: titleref 2001/04/05 v3.1  Cross-references with titles.
) (C:\Users\Joelb\AppData\Local\Programs\MiKTeX\tex/latex/graphics\graphicx.sty
Package: graphicx 2021/09/16 v1.2d Enhanced LaTeX Graphics (DPC,SPQR)
 (C:\Users\Joelb\AppData\Local\Programs\MiKTeX\tex/latex/graphics\graphics.sty
Package: graphics 2024/08/06 v1.4g Standard LaTeX Graphics (DPC,SPQR)
 (C:\Users\Joelb\AppData\Local\Programs\MiKTeX\tex/latex/graphics\trig.sty
Package: trig 2023/12/02 v1.11 sin cos tan (DPC)
) (C:\Users\Joelb\AppData\Local\Programs\MiKTeX\tex/latex/graphics-cfg\graphics.cfg
File: graphics.cfg 2016/06/04 v1.11 sample graphics configuration
)
Package graphics Info: Driver file: pdftex.def on input line 106.
 (C:\Users\Joelb\AppData\Local\Programs\MiKTeX\tex/latex/graphics-def\pdftex.def
File: pdftex.def 2024/04/13 v1.2c Graphics/color driver for pdftex
))
\Gin@req@height=\dimen153
\Gin@req@width=\dimen154
) (C:\Users\Joelb\AppData\Local\Programs\MiKTeX\tex/latex/graphics\color.sty
Package: color 2024/06/23 v1.3e Standard LaTeX Color (DPC)
 (C:\Users\Joelb\AppData\Local\Programs\MiKTeX\tex/latex/graphics-cfg\color.cfg
File: color.cfg 2016/01/02 v1.6 sample color configuration
)
Package color Info: Driver file: pdftex.def on input line 149.
 (C:\Users\Joelb\AppData\Local\Programs\MiKTeX\tex/latex/graphics\mathcolor.ltx)) (C:\Users\Joelb\AppData\Local\Programs\MiKTeX\tex/latex/tools\enumerate.sty
Package: enumerate 2023/07/04 v3.00 enumerate extensions (DPC)
\@enLab=\toks20
) (C:\Users\Joelb\AppData\Local\Programs\MiKTeX\tex/latex/listings\listings.sty
\lst@mode=\count295
\lst@gtempboxa=\box53
\lst@token=\toks21
\lst@length=\count296
\lst@currlwidth=\dimen155
\lst@column=\count297
\lst@pos=\count298
\lst@lostspace=\dimen156
\lst@width=\dimen157
\lst@newlines=\count299
\lst@lineno=\count300
\lst@maxwidth=\dimen158
 (C:\Users\Joelb\AppData\Local\Programs\MiKTeX\tex/latex/listings\lstpatch.sty
File: lstpatch.sty 2024/09/23 1.10c (Carsten Heinz)
) (C:\Users\Joelb\AppData\Local\Programs\MiKTeX\tex/latex/listings\lstmisc.sty
File: lstmisc.sty 2024/09/23 1.10c (Carsten Heinz)
\c@lstnumber=\count301
\lst@skipnumbers=\count302
\lst@framebox=\box54
) (C:\Users\Joelb\AppData\Local\Programs\MiKTeX\tex/latex/listings\listings.cfg
File: listings.cfg 2024/09/23 1.10c listings configuration
))
Package: listings 2024/09/23 1.10c (Carsten Heinz)
 (C:\Users\Joelb\AppData\Local\Programs\MiKTeX\tex/latex/geometry\geometry.sty
Package: geometry 2020/01/02 v5.9 Page Geometry
 (C:\Users\Joelb\AppData\Local\Programs\MiKTeX\tex/generic/iftex\ifvtex.sty
Package: ifvtex 2019/10/25 v1.7 ifvtex legacy package. Use iftex instead.
)
\Gm@cnth=\count303
\Gm@cntv=\count304
\c@Gm@tempcnt=\count305
\Gm@bindingoffset=\dimen159
\Gm@wd@mp=\dimen160
\Gm@odd@mp=\dimen161
\Gm@even@mp=\dimen162
\Gm@layoutwidth=\dimen163
\Gm@layoutheight=\dimen164
\Gm@layouthoffset=\dimen165
\Gm@layoutvoffset=\dimen166
\Gm@dimlist=\toks22
 (C:\Users\Joelb\AppData\Local\Programs\MiKTeX\tex/latex/geometry\geometry.cfg)) (C:\Users\Joelb\AppData\Local\Programs\MiKTeX\tex/latex/l3backend\l3backend-pdftex.def
File: l3backend-pdftex.def 2025-04-14 L3 backend support: PDF output (pdfTeX)
\l__color_backend_stack_int=\count306
) (battleships.aux
Package babel Info: 'ngerman' activates 'ngerman' shorthands.
(babel)             Reported  on input line 9.
)
\openout1 = `battleships.aux'.

LaTeX Font Info:    Checking defaults for OML/cmm/m/it on input line 26.
LaTeX Font Info:    ... okay on input line 26.
LaTeX Font Info:    Checking defaults for OMS/cmsy/m/n on input line 26.
LaTeX Font Info:    ... okay on input line 26.
LaTeX Font Info:    Checking defaults for OT1/cmr/m/n on input line 26.
LaTeX Font Info:    ... okay on input line 26.
LaTeX Font Info:    Checking defaults for T1/cmr/m/n on input line 26.
LaTeX Font Info:    ... okay on input line 26.
LaTeX Font Info:    Checking defaults for TS1/cmr/m/n on input line 26.
LaTeX Font Info:    ... okay on input line 26.
LaTeX Font Info:    Checking defaults for OMX/cmex/m/n on input line 26.
LaTeX Font Info:    ... okay on input line 26.
LaTeX Font Info:    Checking defaults for U/cmr/m/n on input line 26.
LaTeX Font Info:    ... okay on input line 26.
LaTeX Font Info:    Checking defaults for PD1/pdf/m/n on input line 26.
LaTeX Font Info:    ... okay on input line 26.
LaTeX Font Info:    Checking defaults for PU/pdf/m/n on input line 26.
LaTeX Font Info:    ... okay on input line 26.
Package hyperref Info: Link coloring OFF on input line 26.
 (battleships.out) (battleships.out)
\@outlinefile=\write3
\openout3 = `battleships.out'.

 (C:\Users\Joelb\AppData\Local\Programs\MiKTeX\tex/context/base/mkii\supp-pdf.mkii
[Loading MPS to PDF converter (version 2006.09.02).]
\scratchcounter=\count307
\scratchdimen=\dimen167
\scratchbox=\box55
\nofMPsegments=\count308
\nofMParguments=\count309
\everyMPshowfont=\toks23
\MPscratchCnt=\count310
\MPscratchDim=\dimen168
\MPnumerator=\count311
\makeMPintoPDFobject=\count312
\everyMPtoPDFconversion=\toks24
) (C:\Users\Joelb\AppData\Local\Programs\MiKTeX\tex/latex/epstopdf-pkg\epstopdf-base.sty
Package: epstopdf-base 2020-01-24 v2.11 Base part for package epstopdf
Package epstopdf-base Info: Redefining graphics rule for `.eps' on input line 485.
 (C:\Users\Joelb\AppData\Local\Programs\MiKTeX\tex/latex/00miktex\epstopdf-sys.cfg
File: epstopdf-sys.cfg 2021/03/18 v2.0 Configuration of epstopdf for MiKTeX
))
\c@lstlisting=\count313

*geometry* driver: auto-detecting
*geometry* detected driver: pdftex
*geometry* verbose mode - [ preamble ] result:
* driver: pdftex
* paper: <default>
* layout: <same size as paper>
* layoutoffset:(h,v)=(0.0pt,0.0pt)
* modes: 
* h-part:(L,W,R)=(82.51299pt, 449.26903pt, 82.51299pt)
* v-part:(T,H,B)=(82.51299pt, 629.94402pt, 82.51299pt)
* \paperwidth=614.295pt
* \paperheight=794.96999pt
* \textwidth=449.26903pt
* \textheight=629.94402pt
* \oddsidemargin=10.243pt
* \evensidemargin=10.243pt
* \topmargin=-26.757pt
* \headheight=12.0pt
* \headsep=25.0pt
* \topskip=12.0pt
* \footskip=30.0pt
* \marginparwidth=44.0pt
* \marginparsep=10.0pt
* \columnsep=10.0pt
* \skip\footins=10.8pt plus 4.0pt minus 2.0pt
* \hoffset=0.0pt
* \voffset=0.0pt
* \mag=1000
* \@twocolumnfalse
* \@twosidefalse
* \@mparswitchfalse
* \@reversemarginfalse
* (1in=72.27pt=25.4mm, 1cm=28.453pt)

LaTeX Font Info:    External font `cmex10' loaded for size
(Font)              <14.4> on input line 35.
LaTeX Font Info:    External font `cmex10' loaded for size
(Font)              <7> on input line 35.

Underfull \hbox (badness 10000) in paragraph at lines 38--58

 []


Underfull \hbox (badness 10000) in paragraph at lines 38--58

 []


Underfull \hbox (badness 10000) in paragraph at lines 38--58

 []


Underfull \hbox (badness 10000) in paragraph at lines 70--83

 []



[1

{C:/Users/Joelb/AppData/Local/MiKTeX/fonts/map/pdftex/pdftex.map}]
Overfull \hbox (450.0pt too wide) detected at line 88
[]
 []


Overfull \hbox (50.73097pt too wide) in paragraph at lines 115--116
[] 
 []



[2]
LaTeX Font Info:    Font shape `T1/cmtt/bx/n' in size <12> not available
(Font)              Font shape `T1/cmtt/m/n' tried instead on input line 118.


[3]
Overfull \hbox (14.92612pt too wide) in paragraph at lines 133--134
[]\T1/cmr/m/n/12 Für das Mul-ti-threa-ding legt \T1/cmtt/m/n/12 Server \T1/cmr/m/n/12 für je-den neu-en Client-Thread ei-ne ei-ge-ne \T1/cmtt/m/n/12 Runnable\T1/cmr/m/n/12 -
 []


Overfull \hbox (11.47388pt too wide) in paragraph at lines 133--134
\T1/cmr/m/n/12 Spiel-lo-gik an-stöÿt. Da-mit ist \T1/cmtt/m/n/12 Server \T1/cmr/m/n/12 das zen-tra-le Ko-or-di-na-ti-ons-mo-dul für al-le Verbindungs-
 []


Overfull \hbox (450.0pt too wide) detected at line 139
[]
 []


Overfull \hbox (50.73097pt too wide) in paragraph at lines 162--163
[] 
 []



[4]
Overfull \hbox (3.755pt too wide) in paragraph at lines 188--189
[]\T1/cmr/m/n/12 In der kon-kre-ten Um-set-zung über-nimmt die-se Schnitt-stel-le ein-zig die Klas-se \T1/cmtt/m/n/12 QuizGame\T1/cmr/m/n/12 .
 []


Overfull \hbox (450.0pt too wide) detected at line 192
[]
 []


Overfull \hbox (50.73097pt too wide) in paragraph at lines 211--212
[] 
 []


Overfull \hbox (450.0pt too wide) detected at line 224
[]
 []


Overfull \hbox (50.73097pt too wide) in paragraph at lines 237--238
[] 
 []



[5]
Overfull \hbox (450.0pt too wide) detected at line 250
[]
 []



[6]
Overfull \hbox (450.0pt too wide) detected at line 289
[]
 []


Overfull \hbox (50.73097pt too wide) in paragraph at lines 302--303
[] 
 []



[7]
LaTeX Font Info:    External font `cmex10' loaded for size
(Font)              <12> on input line 313.
LaTeX Font Info:    External font `cmex10' loaded for size
(Font)              <8> on input line 313.
LaTeX Font Info:    External font `cmex10' loaded for size
(Font)              <6> on input line 313.


[8]
Overfull \hbox (450.0pt too wide) detected at line 358
[]
 []


Overfull \hbox (50.73097pt too wide) in paragraph at lines 381--382
[] 
 []



[9]
Overfull \hbox (450.0pt too wide) detected at line 426
[]
 []


Overfull \hbox (30.73097pt too wide) in paragraph at lines 446--447
[] 
 []



[10]
Overfull \hbox (450.0pt too wide) detected at line 462
[]
 []


Overfull \hbox (50.73097pt too wide) in paragraph at lines 481--482
[] 
 []



[11]
Overfull \hbox (450.0pt too wide) detected at line 506
[]
 []


Overfull \hbox (50.73097pt too wide) in paragraph at lines 524--525
[] 
 []


Overfull \hbox (450.0pt too wide) detected at line 531
[]
 []


Overfull \hbox (50.73097pt too wide) in paragraph at lines 548--549
[] 
 []


Overfull \hbox (450.0pt too wide) detected at line 555
[]
 []


Overfull \hbox (50.73097pt too wide) in paragraph at lines 580--581
[] 
 []



[12]
Overfull \hbox (4.14249pt too wide) in paragraph at lines 588--606
\T1/cmr/m/n/12 In die-ser Auf-ga-be sol-len Sie die ab-strak-te Klas-se \T1/cmtt/m/n/12 Message \T1/cmr/m/n/12 im Packa-ge $\T1/cmtt/m/n/12 protocol . messages$
 []


Underfull \hbox (badness 10000) in paragraph at lines 588--606

 []


Underfull \hbox (badness 10000) in paragraph at lines 588--606

 []


Underfull \hbox (badness 10000) in paragraph at lines 588--606

 []


Underfull \hbox (badness 10000) in paragraph at lines 588--606

 []



[13]
Overfull \hbox (3.35939pt too wide) in paragraph at lines 609--617
\T1/cmr/m/n/12 In die-ser Auf-ga-be im-ple-men-tie-ren Sie die Klas-se \T1/cmtt/m/n/12 RegisterMessage \T1/cmr/m/n/12 im Packa-ge $\T1/cmtt/m/n/12 protocol .
 []


Underfull \hbox (badness 10000) in paragraph at lines 609--617

 []


Underfull \hbox (badness 10000) in paragraph at lines 609--617

 []


Underfull \hbox (badness 10000) in paragraph at lines 622--628

 []


Overfull \hbox (21.87987pt too wide) in paragraph at lines 631--638
\T1/cmr/m/n/12 In die-ser Auf-ga-be im-ple-men-tie-ren Sie die Klas-se \T1/cmtt/m/n/12 QueueUpdateMessage \T1/cmr/m/n/12 im Packa-ge $\T1/cmtt/m/n/12 protocol .
 []


Underfull \hbox (badness 10000) in paragraph at lines 631--638

 []



[14]
Underfull \hbox (badness 10000) in paragraph at lines 643--653

 []


Overfull \hbox (15.70638pt too wide) in paragraph at lines 656--663
\T1/cmr/m/n/12 In die-ser Auf-ga-be im-ple-men-tie-ren Sie die Klas-se \T1/cmtt/m/n/12 LeaveQueueMessage \T1/cmr/m/n/12 im Packa-ge $\T1/cmtt/m/n/12 protocol .
 []


Underfull \hbox (badness 10000) in paragraph at lines 656--663

 []


Underfull \hbox (badness 10000) in paragraph at lines 656--663

 []


Overfull \hbox (9.53288pt too wide) in paragraph at lines 666--673
\T1/cmr/m/n/12 In die-ser Auf-ga-be im-ple-men-tie-ren Sie die Klas-se \T1/cmtt/m/n/12 JoinQueueMessage \T1/cmr/m/n/12 im Packa-ge $\T1/cmtt/m/n/12 protocol .
 []


Underfull \hbox (badness 10000) in paragraph at lines 666--673

 []


Underfull \hbox (badness 10000) in paragraph at lines 676--690

 []


Underfull \hbox (badness 10000) in paragraph at lines 676--690

 []



[15]
Overfull \hbox (15.70638pt too wide) in paragraph at lines 693--708
\T1/cmr/m/n/12 In die-ser Auf-ga-be im-ple-men-tie-ren Sie die Klas-se \T1/cmtt/m/n/12 CreateGameMessage \T1/cmr/m/n/12 im Packa-ge $\T1/cmtt/m/n/12 protocol .
 []


Underfull \hbox (badness 10000) in paragraph at lines 693--708

 []


Underfull \hbox (badness 10000) in paragraph at lines 693--708

 []


Underfull \hbox (badness 10000) in paragraph at lines 693--708

 []


Overfull \hbox (8.64977pt too wide) in paragraph at lines 693--708
\T1/cmr/m/n/12 Implementieren Sie zu-sätz-lich ei-ne öf-fent-li-che Getter-Methode na-mens \T1/cmtt/m/n/12 getGameOptions()\T1/cmr/m/n/12 ,
 []


Overfull \hbox (9.53288pt too wide) in paragraph at lines 711--719
\T1/cmr/m/n/12 In die-ser Auf-ga-be im-ple-men-tie-ren Sie die Klas-se \T1/cmtt/m/n/12 LeaveGameMessage \T1/cmr/m/n/12 im Packa-ge $\T1/cmtt/m/n/12 protocol .
 []


Underfull \hbox (badness 10000) in paragraph at lines 711--719

 []



[16]
Overfull \hbox (15.70638pt too wide) in paragraph at lines 722--735
\T1/cmr/m/n/12 In die-ser Auf-ga-be im-ple-men-tie-ren Sie die Klas-se \T1/cmtt/m/n/12 PlayerMoveMessage \T1/cmr/m/n/12 im Packa-ge $\T1/cmtt/m/n/12 protocol .
 []


Underfull \hbox (badness 10000) in paragraph at lines 722--735

 []


Underfull \hbox (badness 10000) in paragraph at lines 722--735

 []


Underfull \hbox (badness 10000) in paragraph at lines 722--735

 []


Overfull \hbox (21.87987pt too wide) in paragraph at lines 738--742
\T1/cmr/m/n/12 In die-ser Auf-ga-be im-ple-men-tie-ren Sie die Klas-se \T1/cmtt/m/n/12 PlayerHoverMessage \T1/cmr/m/n/12 im Packa-ge $\T1/cmtt/m/n/12 protocol .
 []


Underfull \hbox (badness 10000) in paragraph at lines 738--742

 []


Underfull \hbox (badness 10000) in paragraph at lines 746--749

 []


Overfull \hbox (1.21954pt too wide) in paragraph at lines 753--754
[]\T1/cmtt/m/n/12 affectedFields \T1/cmr/m/n/12 vom Typ \T1/cmtt/m/n/12 ArrayList<Cell>\T1/cmr/m/n/12 : Lis-te der Zel-len, die durch das Hover-
 []


Overfull \hbox (6.18364pt too wide) in paragraph at lines 757--758
[]\T1/cmr/m/n/12 Einen Kon-struk-tor mit den Pa-ra-me-tern \T1/cmtt/m/n/12 UUID userId\T1/cmr/m/n/12 , \T1/cmtt/m/n/12 int x\T1/cmr/m/n/12 , \T1/cmtt/m/n/12 int y\T1/cmr/m/n/12 , und \T1/cmtt/m/n/12 ArrayList
 []



[17]
Underfull \hbox (badness 10000) in paragraph at lines 765--772

 []


Underfull \hbox (badness 10000) in paragraph at lines 776--783

 []


Overfull \hbox (17.80849pt too wide) in paragraph at lines 776--783
\T1/cmr/m/n/12 Implementieren Sie zu-sätz-lich \T1/cmr/bx/n/12 öf-fent-li-che Getter-Methoden \T1/cmr/m/n/12 für bei-de At-tri-bu-te (\T1/cmtt/m/n/12 getGame
 []


Overfull \hbox (1.67624pt too wide) in paragraph at lines 786--803
\T1/cmr/bx/n/12 neue Po-si-tio-nie-rung sei-ner Schif-fe \T1/cmr/m/n/12 mit-teilt. Die Klas-se \T1/cmtt/m/n/12 PlayerUpdateShipPlacement
 []


Underfull \hbox (badness 10000) in paragraph at lines 786--803

 []


Underfull \hbox (badness 10000) in paragraph at lines 786--803

 []


Underfull \hbox (badness 10000) in paragraph at lines 786--803

 []



[18]
Overfull \hbox (21.87987pt too wide) in paragraph at lines 806--823
\T1/cmr/m/n/12 In die-ser Auf-ga-be im-ple-men-tie-ren Sie die Klas-se \T1/cmtt/m/n/12 PlayerReadyMessage \T1/cmr/m/n/12 im Packa-ge $\T1/cmtt/m/n/12 protocol .
 []


Underfull \hbox (badness 10000) in paragraph at lines 806--823

 []


Underfull \hbox (badness 10000) in paragraph at lines 806--823

 []


Underfull \hbox (badness 10000) in paragraph at lines 806--823

 []


Underfull \hbox (badness 10000) in paragraph at lines 826--843

 []


Underfull \hbox (badness 10000) in paragraph at lines 826--843

 []


Overfull \hbox (10.75058pt too wide) in paragraph at lines 826--843
\T1/cmr/m/n/12 den Spiel-zu-stand zu er-mög-li-chen. Über-schrei-ben Sie ab-schlie-ÿend die Me-tho-de \T1/cmtt/m/n/12 toString()\T1/cmr/m/n/12 ,
 []


Underfull \hbox (badness 10000) in paragraph at lines 826--843

 []



[19]
Underfull \hbox (badness 10000) in paragraph at lines 851--851
[]$\T1/cmtt/m/n/12 protocol . messages . game .
 []


Underfull \hbox (badness 10000) in paragraph at lines 853--853
[]$\T1/cmtt/m/n/12 protocol . messages . game .
 []


Underfull \hbox (badness 10000) in paragraph at lines 855--855
[]$\T1/cmtt/m/n/12 protocol . messages . game . building .
 []


Underfull \hbox (badness 10000) in paragraph at lines 857--857
[]$\T1/cmtt/m/n/12 protocol . messages . game . ingame .
 []


Underfull \hbox (badness 10000) in paragraph at lines 859--859
[]$\T1/cmtt/m/n/12 protocol . messages . game . ingame .
 []


Underfull \hbox (badness 10000) in paragraph at lines 861--861
[]$\T1/cmtt/m/n/12 protocol . messages . game . building .
 []


Overfull \hbox (1.5223pt too wide) in paragraph at lines 847--864
 [] 
 []


Underfull \hbox (badness 10000) in paragraph at lines 872--881

 []


Underfull \hbox (badness 10000) in paragraph at lines 872--881

 []



[20]
Underfull \hbox (badness 10000) in paragraph at lines 897--922

 []


Underfull \hbox (badness 10000) in paragraph at lines 897--922

 []


Underfull \hbox (badness 10000) in paragraph at lines 897--922

 []


Underfull \hbox (badness 10000) in paragraph at lines 897--922

 []


Overfull \hbox (14.0569pt too wide) in paragraph at lines 897--922
\T1/cmr/m/n/12 Für je-de an-ge-nom-me-ne Client-Verbindung er-stel-len Sie ei-ne neue In-stanz von \T1/cmtt/m/n/12 ServerPlayer
 []


Underfull \hbox (badness 10000) in paragraph at lines 897--922

 []


Overfull \hbox (0.19083pt too wide) in paragraph at lines 897--922
\T1/cmr/m/n/12 Zum Schluss ru-fen Sie nach je-der an-ge-nom-me-nen Ver-bin-dung die Me-tho-de \T1/cmtt/m/n/12 updatePlayer
 []


Underfull \hbox (badness 10000) in paragraph at lines 897--922

 []


Overfull \hbox (12.61967pt too wide) in paragraph at lines 925--941
\T1/cmr/m/n/12 In die-ser Auf-ga-be im-ple-men-tie-ren Sie die Me-tho-de \T1/cmtt/m/n/12 registerGame(BattleShipGame game)\T1/cmr/m/n/12 ,
 []


Underfull \hbox (badness 10000) in paragraph at lines 925--941

 []


Underfull \hbox (badness 10000) in paragraph at lines 925--941

 []


Underfull \hbox (badness 10000) in paragraph at lines 925--941

 []



[21]
Underfull \hbox (badness 10000) in paragraph at lines 944--957

 []


Underfull \hbox (badness 10000) in paragraph at lines 944--957

 []


Underfull \hbox (badness 10000) in paragraph at lines 944--957

 []


Underfull \hbox (badness 10000) in paragraph at lines 960--976

 []


Underfull \hbox (badness 10000) in paragraph at lines 960--976

 []


Underfull \hbox (badness 10000) in paragraph at lines 960--976

 []


Underfull \hbox (badness 10000) in paragraph at lines 960--976

 []



[22]
Underfull \hbox (badness 10000) in paragraph at lines 979--989

 []


Underfull \hbox (badness 10000) in paragraph at lines 979--989

 []


Overfull \hbox (0.27269pt too wide) in paragraph at lines 992--1000
\T1/cmr/m/n/12 In die-ser Auf-ga-be im-ple-men-tie-ren Sie die Me-tho-de \T1/cmtt/m/n/12 addToQueue(ServerPlayer player)\T1/cmr/m/n/12 ,
 []


Underfull \hbox (badness 10000) in paragraph at lines 992--1000

 []


Underfull \hbox (badness 10000) in paragraph at lines 1003--1011

 []



[23]
Underfull \hbox (badness 10000) in paragraph at lines 1014--1030

 []


Underfull \hbox (badness 10000) in paragraph at lines 1014--1030

 []


Overfull \hbox (14.50671pt too wide) in paragraph at lines 1044--1052
\T1/cmtt/m/n/12 game.removePlayer(this) \T1/cmr/m/n/12 aus dem Spiel, sen-den ei-ne \T1/cmtt/m/n/12 ErrorMessage \T1/cmr/m/n/12 (\T1/cmtt/m/n/12 sendMessage(...)\T1/cmr/m/n/12 )
 []


Overfull \hbox (36.50684pt too wide) in paragraph at lines 1044--1052
\T1/cmr/m/n/12 Spie-ler \T1/cmr/bx/n/12 nicht \T1/cmr/m/n/12 in der War-te-schlan-ge ist, prü-fen Sie dies mit \T1/cmtt/m/n/12 server.getQueue().contains(...)\T1/cmr/m/n/12 .
 []


Overfull \hbox (14.41371pt too wide) in paragraph at lines 1044--1052
\T1/cmr/m/n/12 Wenn der Spie-ler nicht ent-hal-ten ist, ru-fen Sie die Me-tho-de \T1/cmtt/m/n/12 broadcastQueueStateUpdate()
 []


Overfull \hbox (26.10939pt too wide) in paragraph at lines 1044--1052
\T1/cmr/m/n/12 mit \T1/cmtt/m/n/12 server.removeFromQueue(...) \T1/cmr/m/n/12 und sen-den da-nach ein \T1/cmtt/m/n/12 broadcastQueueStateUpdate()\T1/cmr/m/n/12 ,
 []



[24]
Overfull \hbox (39.35889pt too wide) in paragraph at lines 1055--1064
\T1/cmr/m/n/12 Spie-l-op-tio-nen zu-zu-grei-fen. An-schlie-ÿend prü-fen Sie mit \T1/cmtt/m/n/12 createGameMessage.getGameOptions()
 []


Overfull \hbox (18.83066pt too wide) in paragraph at lines 1067--1077
\T1/cmr/m/n/12 men-tiert wer-den. Zu-erst cas-ten Sie die emp-fan-ge-ne Nach-richt zu \T1/cmtt/m/n/12 JoinGameWithCodeMessage\T1/cmr/m/n/12 ,
 []


Overfull \hbox (15.80498pt too wide) in paragraph at lines 1067--1077
\T1/cmtt/m/n/12 ALREADY_IN_GAME\T1/cmr/m/n/12 . Wenn nicht, ru-fen Sie die Me-tho-de \T1/cmtt/m/n/12 server.getGameFromJoinCode(...)
 []


Overfull \hbox (2.04439pt too wide) in paragraph at lines 1089--1099
\T1/cmr/m/n/12 In die-ser Auf-ga-be soll die Ver-ar-bei-tung ei-ner \T1/cmtt/m/n/12 PLAYER_UPDATE_SHIP_PLACEMENT\T1/cmr/m/n/12 -Nachricht
 []


Underfull \hbox (badness 10000) in paragraph at lines 1089--1099

 []


Underfull \hbox (badness 10000) in paragraph at lines 1089--1099

 []


Overfull \hbox (8.74422pt too wide) in paragraph at lines 1089--1099
\T1/cmr/m/n/12 Falls der Spie-ler in ei-nem Spiel ist, ru-fen Sie die Me-tho-de \T1/cmtt/m/n/12 game.onPlayerPlaceShips(...)
 []



[25]
Underfull \hbox (badness 10000) in paragraph at lines 1102--1108

 []


Overfull \hbox (9.86612pt too wide) in paragraph at lines 1125--1141
\T1/cmr/m/n/12 Implementieren Sie den Kon-struk-tor der Klas-se \T1/cmtt/m/n/12 ClientHandler \T1/cmr/m/n/12 (in \T1/cmtt/m/n/12 client.Client.java\T1/cmr/m/n/12 ),
 []


Underfull \hbox (badness 10000) in paragraph at lines 1125--1141

 []


Overfull \hbox (3.3831pt too wide) in paragraph at lines 1125--1141
\T1/cmr/m/n/12 Der Kon-struk-tor er-hält die Pa-ra-me-ter \T1/cmtt/m/n/12 serverAddress \T1/cmr/m/n/12 (Server-Adresse) und \T1/cmtt/m/n/12 port \T1/cmr/m/n/12 (Server-
 []


Underfull \hbox (badness 10000) in paragraph at lines 1125--1141

 []


Overfull \hbox (15.62587pt too wide) in paragraph at lines 1125--1141
\T1/cmr/m/n/12 Nach dem er-folg-rei-chen Auf-bau der Ver-bin-dung in-itia-li-sie-ren Sie einen \T1/cmtt/m/n/12 ObjectOutputStream
 []


Underfull \hbox (badness 10000) in paragraph at lines 1125--1141

 []


Underfull \hbox (badness 10000) in paragraph at lines 1125--1141

 []


Underfull \hbox (badness 10000) in paragraph at lines 1125--1141

 []



[26]
Underfull \hbox (badness 10000) in paragraph at lines 1144--1154

 []


Underfull \hbox (badness 10000) in paragraph at lines 1144--1154

 []


Overfull \hbox (0.29074pt too wide) in paragraph at lines 1166--1171
\T1/cmr/m/n/12 schlie-ÿend über die Me-tho-de \T1/cmtt/m/n/12 lobbyHandler.onQueueUpdate(...) \T1/cmr/m/n/12 an den \T1/cmtt/m/n/12 LobbyHandler
 []



[27]
Overfull \hbox (25.00415pt too wide) in paragraph at lines 1198--1204
\T1/cmr/m/n/12 men-tiert wer-den. Zu-erst cas-ten Sie die emp-fan-ge-ne Nach-richt zu \T1/cmtt/m/n/12 GameBuildingStartMessage\T1/cmr/m/n/12 ,
 []



[28]
Overfull \hbox (4.78957pt too wide) in paragraph at lines 1224--1229
\T1/cmr/m/n/12 Falls ja, über-ge-ben Sie den Spiel-zug zur Ver-ar-bei-tung an \T1/cmtt/m/n/12 gameHandler.onMoveMade(...)\T1/cmr/m/n/12 . 
 []



[29] (battleships.aux)
 ***********
LaTeX2e <2024-11-01> patch level 2
L3 programming layer <2025-04-14>
 ***********
Package rerunfilecheck Info: File `battleships.out' has not changed.
(rerunfilecheck)             Checksum: D41D8CD98F00B204E9800998ECF8427E;0.
 ) 
Here is how much of TeX's memory you used:
 11990 strings out of 469941
 189314 string characters out of 5469430
 592153 words of memory out of 5000000
 38546 multiletter control sequences out of 15000+600000
 638685 words of font info for 64 fonts, out of 8000000 for 9000
 1141 hyphenation exceptions out of 8191
 75i,11n,79p,582b,539s stack positions out of 10000i,1000n,20000p,200000b,200000s
 <C:\Users\Joelb\AppData\Local\MiKTeX\fonts/pk/ljfour/jknappen/ec/dpi600\ecbx1440.pk> <C:\Users\Joelb\AppData\Local\MiKTeX\fonts/pk/ljfour/jknappen/ec/dpi600\ecbi1200.pk> <C:\Users\Joelb\AppData\Local\MiKTeX\fonts/pk/ljfour/jknappen/ec/dpi600\tcrm1200.pk> <C:\Users\Joelb\AppData\Local\MiKTeX\fonts/pk/ljfour/jknappen/ec/dpi600\ecbx1728.pk> <C:\Users\Joelb\AppData\Local\MiKTeX\fonts/pk/ljfour/jknappen/ec/dpi600\ecti1200.pk> <C:\Users\Joelb\AppData\Local\MiKTeX\fonts/pk/ljfour/jknappen/ec/dpi600\ectt1200.pk> <C:\Users\Joelb\AppData\Local\MiKTeX\fonts/pk/ljfour/jknappen/ec/dpi600\ecbx1200.pk> <C:\Users\Joelb\AppData\Local\MiKTeX\fonts/pk/ljfour/jknappen/ec/dpi600\ecrm1200.pk> <C:\Users\Joelb\AppData\Local\MiKTeX\fonts/pk/ljfour/jknappen/ec/dpi600\ecrm1440.pk> <C:\Users\Joelb\AppData\Local\MiKTeX\fonts/pk/ljfour/jknappen/ec/dpi600\ecbx2074.pk><C:/Users/Joelb/AppData/Local/Programs/MiKTeX/fonts/type1/public/amsfonts/cm/cmsy10.pfb>
Output written on battleships.pdf (29 pages, 209417 bytes).
PDF statistics:
 616 PDF objects out of 1000 (max. 8388607)
 110 named destinations out of 1000 (max. 500000)
 1 words of extra memory for PDF output out of 10000 (max. 10000000)

