This is pdfTeX, Version 3.141592653-2.6-1.40.26 (TeX Live 2024) (preloaded format=pdflatex 2025.2.18)  29 MAR 2025 17:21
entering extended mode
 restricted \write18 enabled.
 %&-line parsing enabled.
**Muster.tex
(./Muster.tex
LaTeX2e <2023-11-01> patch level 1
L3 programming layer <2024-02-20>
(/usr/local/texlive/2024/texmf-dist/tex/latex/base/article.cls
Document Class: article 2023/05/17 v1.4n Standard LaTeX document class
(/usr/local/texlive/2024/texmf-dist/tex/latex/base/size12.clo
File: size12.clo 2023/05/17 v1.4n Standard LaTeX file (size option)
)
\c@part=\count188
\c@section=\count189
\c@subsection=\count190
\c@subsubsection=\count191
\c@paragraph=\count192
\c@subparagraph=\count193
\c@figure=\count194
\c@table=\count195
\abovecaptionskip=\skip48
\belowcaptionskip=\skip49
\bibindent=\dimen140
)
(/usr/local/texlive/2024/texmf-dist/tex/generic/babel/babel.sty
Package: babel 2024/02/07 v24.2 The Babel package
\babel@savecnt=\count196
\U@D=\dimen141
\l@unhyphenated=\language89

(/usr/local/texlive/2024/texmf-dist/tex/generic/babel/txtbabel.def)
\bbl@readstream=\read2
\bbl@dirlevel=\count197

(/usr/local/texlive/2024/texmf-dist/tex/generic/babel-german/ngerman.ldf
Language: ngerman 2024/01/19 v2.14 German support for babel (post-1996 orthogra
phy)

(/usr/local/texlive/2024/texmf-dist/tex/generic/babel-german/ngermanb.ldf
Language: ngermanb 2024/01/19 v2.14 German support for babel (post-1996 orthogr
aphy)
Package babel Info: Making " an active character on input line 122.
)))
(/usr/local/texlive/2024/texmf-dist/tex/generic/babel/locale/de/babel-ngerman.t
ex
Package babel Info: Importing font and identification data for ngerman
(babel)             from babel-de.ini. Reported on input line 11.
) (/usr/local/texlive/2024/texmf-dist/tex/latex/base/fontenc.sty
Package: fontenc 2021/04/29 v2.0v Standard LaTeX package
)
(/usr/local/texlive/2024/texmf-dist/tex/latex/base/inputenc.sty
Package: inputenc 2021/02/14 v1.3d Input encoding file
\inpenc@prehook=\toks17
\inpenc@posthook=\toks18
)
(/usr/local/texlive/2024/texmf-dist/tex/latex/multirow/multirow.sty
Package: multirow 2021/03/15 v2.8 Span multiple rows of a table
\multirow@colwidth=\skip50
\multirow@cntb=\count198
\multirow@dima=\skip51
\bigstrutjot=\dimen142
)
(/usr/local/texlive/2024/texmf-dist/tex/latex/hyperref/hyperref.sty
Package: hyperref 2024-01-20 v7.01h Hypertext links for LaTeX

(/usr/local/texlive/2024/texmf-dist/tex/generic/iftex/iftex.sty
Package: iftex 2022/02/03 v1.0f TeX engine tests
)
(/usr/local/texlive/2024/texmf-dist/tex/latex/graphics/keyval.sty
Package: keyval 2022/05/29 v1.15 key=value parser (DPC)
\KV@toks@=\toks19
)
(/usr/local/texlive/2024/texmf-dist/tex/latex/kvsetkeys/kvsetkeys.sty
Package: kvsetkeys 2022-10-05 v1.19 Key value parser (HO)
)
(/usr/local/texlive/2024/texmf-dist/tex/generic/kvdefinekeys/kvdefinekeys.sty
Package: kvdefinekeys 2019-12-19 v1.6 Define keys (HO)
)
(/usr/local/texlive/2024/texmf-dist/tex/generic/pdfescape/pdfescape.sty
Package: pdfescape 2019/12/09 v1.15 Implements pdfTeX's escape features (HO)

(/usr/local/texlive/2024/texmf-dist/tex/generic/ltxcmds/ltxcmds.sty
Package: ltxcmds 2023-12-04 v1.26 LaTeX kernel commands for general use (HO)
)
(/usr/local/texlive/2024/texmf-dist/tex/generic/pdftexcmds/pdftexcmds.sty
Package: pdftexcmds 2020-06-27 v0.33 Utility functions of pdfTeX for LuaTeX (HO
)

(/usr/local/texlive/2024/texmf-dist/tex/generic/infwarerr/infwarerr.sty
Package: infwarerr 2019/12/03 v1.5 Providing info/warning/error messages (HO)
)
Package pdftexcmds Info: \pdf@primitive is available.
Package pdftexcmds Info: \pdf@ifprimitive is available.
Package pdftexcmds Info: \pdfdraftmode found.
))
(/usr/local/texlive/2024/texmf-dist/tex/latex/hycolor/hycolor.sty
Package: hycolor 2020-01-27 v1.10 Color options for hyperref/bookmark (HO)
)
(/usr/local/texlive/2024/texmf-dist/tex/latex/auxhook/auxhook.sty
Package: auxhook 2019-12-17 v1.6 Hooks for auxiliary files (HO)
)
(/usr/local/texlive/2024/texmf-dist/tex/latex/hyperref/nameref.sty
Package: nameref 2023-11-26 v2.56 Cross-referencing by name of section

(/usr/local/texlive/2024/texmf-dist/tex/latex/refcount/refcount.sty
Package: refcount 2019/12/15 v3.6 Data extraction from label references (HO)
)
(/usr/local/texlive/2024/texmf-dist/tex/generic/gettitlestring/gettitlestring.s
ty
Package: gettitlestring 2019/12/15 v1.6 Cleanup title references (HO)
 (/usr/local/texlive/2024/texmf-dist/tex/latex/kvoptions/kvoptions.sty
Package: kvoptions 2022-06-15 v3.15 Key value format for package options (HO)
))
\c@section@level=\count199
)
(/usr/local/texlive/2024/texmf-dist/tex/latex/etoolbox/etoolbox.sty
Package: etoolbox 2020/10/05 v2.5k e-TeX tools for LaTeX (JAW)
\etb@tempcnta=\count266
)
\@linkdim=\dimen143
\Hy@linkcounter=\count267
\Hy@pagecounter=\count268

(/usr/local/texlive/2024/texmf-dist/tex/latex/hyperref/pd1enc.def
File: pd1enc.def 2024-01-20 v7.01h Hyperref: PDFDocEncoding definition (HO)
Now handling font encoding PD1 ...
... no UTF-8 mapping file for font encoding PD1
)
(/usr/local/texlive/2024/texmf-dist/tex/generic/intcalc/intcalc.sty
Package: intcalc 2019/12/15 v1.3 Expandable calculations with integers (HO)
)
\Hy@SavedSpaceFactor=\count269

(/usr/local/texlive/2024/texmf-dist/tex/latex/hyperref/puenc.def
File: puenc.def 2024-01-20 v7.01h Hyperref: PDF Unicode definition (HO)
Now handling font encoding PU ...
... no UTF-8 mapping file for font encoding PU
)
Package hyperref Info: Hyper figures OFF on input line 4179.
Package hyperref Info: Link nesting OFF on input line 4184.
Package hyperref Info: Hyper index ON on input line 4187.
Package hyperref Info: Plain pages OFF on input line 4194.
Package hyperref Info: Backreferencing OFF on input line 4199.
Package hyperref Info: Implicit mode ON; LaTeX internals redefined.
Package hyperref Info: Bookmarks ON on input line 4446.
\c@Hy@tempcnt=\count270

(/usr/local/texlive/2024/texmf-dist/tex/latex/url/url.sty
\Urlmuskip=\muskip16
Package: url 2013/09/16  ver 3.4  Verb mode for urls, etc.
)
LaTeX Info: Redefining \url on input line 4784.
\XeTeXLinkMargin=\dimen144

(/usr/local/texlive/2024/texmf-dist/tex/generic/bitset/bitset.sty
Package: bitset 2019/12/09 v1.3 Handle bit-vector datatype (HO)

(/usr/local/texlive/2024/texmf-dist/tex/generic/bigintcalc/bigintcalc.sty
Package: bigintcalc 2019/12/15 v1.5 Expandable calculations on big integers (HO
)
))
\Fld@menulength=\count271
\Field@Width=\dimen145
\Fld@charsize=\dimen146
Package hyperref Info: Hyper figures OFF on input line 6063.
Package hyperref Info: Link nesting OFF on input line 6068.
Package hyperref Info: Hyper index ON on input line 6071.
Package hyperref Info: backreferencing OFF on input line 6078.
Package hyperref Info: Link coloring OFF on input line 6083.
Package hyperref Info: Link coloring with OCG OFF on input line 6088.
Package hyperref Info: PDF/A mode OFF on input line 6093.

(/usr/local/texlive/2024/texmf-dist/tex/latex/base/atbegshi-ltx.sty
Package: atbegshi-ltx 2021/01/10 v1.0c Emulation of the original atbegshi
package with kernel methods
)
\Hy@abspage=\count272
\c@Item=\count273
\c@Hfootnote=\count274
)
Package hyperref Info: Driver (autodetected): hpdftex.

(/usr/local/texlive/2024/texmf-dist/tex/latex/hyperref/hpdftex.def
File: hpdftex.def 2024-01-20 v7.01h Hyperref driver for pdfTeX

(/usr/local/texlive/2024/texmf-dist/tex/latex/base/atveryend-ltx.sty
Package: atveryend-ltx 2020/08/19 v1.0a Emulation of the original atveryend pac
kage
with kernel methods
)
\Fld@listcount=\count275
\c@bookmark@seq@number=\count276

(/usr/local/texlive/2024/texmf-dist/tex/latex/rerunfilecheck/rerunfilecheck.sty
Package: rerunfilecheck 2022-07-10 v1.10 Rerun checks for auxiliary files (HO)

(/usr/local/texlive/2024/texmf-dist/tex/generic/uniquecounter/uniquecounter.sty
Package: uniquecounter 2019/12/15 v1.4 Provide unlimited unique counter (HO)
)
Package uniquecounter Info: New unique counter `rerunfilecheck' on input line 2
85.
)
\Hy@SectionHShift=\skip52
) (/usr/local/texlive/2024/texmf-dist/tex/latex/titleref/titleref.sty
Package: titleref 2001/04/05 v3.1  Cross-references with titles.
)
(/usr/local/texlive/2024/texmf-dist/tex/latex/graphics/graphicx.sty
Package: graphicx 2021/09/16 v1.2d Enhanced LaTeX Graphics (DPC,SPQR)

(/usr/local/texlive/2024/texmf-dist/tex/latex/graphics/graphics.sty
Package: graphics 2022/03/10 v1.4e Standard LaTeX Graphics (DPC,SPQR)

(/usr/local/texlive/2024/texmf-dist/tex/latex/graphics/trig.sty
Package: trig 2021/08/11 v1.11 sin cos tan (DPC)
)
(/usr/local/texlive/2024/texmf-dist/tex/latex/graphics-cfg/graphics.cfg
File: graphics.cfg 2016/06/04 v1.11 sample graphics configuration
)
Package graphics Info: Driver file: pdftex.def on input line 107.

(/usr/local/texlive/2024/texmf-dist/tex/latex/graphics-def/pdftex.def
File: pdftex.def 2022/09/22 v1.2b Graphics/color driver for pdftex
))
\Gin@req@height=\dimen147
\Gin@req@width=\dimen148
)
(/usr/local/texlive/2024/texmf-dist/tex/latex/graphics/color.sty
Package: color 2022/01/06 v1.3d Standard LaTeX Color (DPC)

(/usr/local/texlive/2024/texmf-dist/tex/latex/graphics-cfg/color.cfg
File: color.cfg 2016/01/02 v1.6 sample color configuration
)
Package color Info: Driver file: pdftex.def on input line 149.

(/usr/local/texlive/2024/texmf-dist/tex/latex/graphics/mathcolor.ltx))
(/usr/local/texlive/2024/texmf-dist/tex/latex/tools/enumerate.sty
Package: enumerate 2023/07/04 v3.00 enumerate extensions (DPC)
\@enLab=\toks20
)
(/usr/local/texlive/2024/texmf-dist/tex/latex/listings/listings.sty
\lst@mode=\count277
\lst@gtempboxa=\box51
\lst@token=\toks21
\lst@length=\count278
\lst@currlwidth=\dimen149
\lst@column=\count279
\lst@pos=\count280
\lst@lostspace=\dimen150
\lst@width=\dimen151
\lst@newlines=\count281
\lst@lineno=\count282
\lst@maxwidth=\dimen152

(/usr/local/texlive/2024/texmf-dist/tex/latex/listings/lstpatch.sty
File: lstpatch.sty 2024/02/21 1.10 (Carsten Heinz)
)
(/usr/local/texlive/2024/texmf-dist/tex/latex/listings/lstmisc.sty
File: lstmisc.sty 2024/02/21 1.10 (Carsten Heinz)
\c@lstnumber=\count283
\lst@skipnumbers=\count284
\lst@framebox=\box52
)
(/usr/local/texlive/2024/texmf-dist/tex/latex/listings/listings.cfg
File: listings.cfg 2024/02/21 1.10 listings configuration
))
Package: listings 2024/02/21 1.10 (Carsten Heinz)

(/usr/local/texlive/2024/texmf-dist/tex/latex/geometry/geometry.sty
Package: geometry 2020/01/02 v5.9 Page Geometry

(/usr/local/texlive/2024/texmf-dist/tex/generic/iftex/ifvtex.sty
Package: ifvtex 2019/10/25 v1.7 ifvtex legacy package. Use iftex instead.
)
\Gm@cnth=\count285
\Gm@cntv=\count286
\c@Gm@tempcnt=\count287
\Gm@bindingoffset=\dimen153
\Gm@wd@mp=\dimen154
\Gm@odd@mp=\dimen155
\Gm@even@mp=\dimen156
\Gm@layoutwidth=\dimen157
\Gm@layoutheight=\dimen158
\Gm@layouthoffset=\dimen159
\Gm@layoutvoffset=\dimen160
\Gm@dimlist=\toks22
)
(/usr/local/texlive/2024/texmf-dist/tex/latex/l3backend/l3backend-pdftex.def
File: l3backend-pdftex.def 2024-02-20 L3 backend support: PDF output (pdfTeX)
\l__color_backend_stack_int=\count288
\l__pdf_internal_box=\box53
)
(./Muster.aux)
\openout1 = `Muster.aux'.

LaTeX Font Info:    Checking defaults for OML/cmm/m/it on input line 26.
LaTeX Font Info:    ... okay on input line 26.
LaTeX Font Info:    Checking defaults for OMS/cmsy/m/n on input line 26.
LaTeX Font Info:    ... okay on input line 26.
LaTeX Font Info:    Checking defaults for OT1/cmr/m/n on input line 26.
LaTeX Font Info:    ... okay on input line 26.
LaTeX Font Info:    Checking defaults for T1/cmr/m/n on input line 26.
LaTeX Font Info:    ... okay on input line 26.
LaTeX Font Info:    Checking defaults for TS1/cmr/m/n on input line 26.
LaTeX Font Info:    ... okay on input line 26.
LaTeX Font Info:    Checking defaults for OMX/cmex/m/n on input line 26.
LaTeX Font Info:    ... okay on input line 26.
LaTeX Font Info:    Checking defaults for U/cmr/m/n on input line 26.
LaTeX Font Info:    ... okay on input line 26.
LaTeX Font Info:    Checking defaults for PD1/pdf/m/n on input line 26.
LaTeX Font Info:    ... okay on input line 26.
LaTeX Font Info:    Checking defaults for PU/pdf/m/n on input line 26.
LaTeX Font Info:    ... okay on input line 26.
Package hyperref Info: Link coloring OFF on input line 26.
 (./Muster.out) (./Muster.out)
\@outlinefile=\write3
\openout3 = `Muster.out'.


(/usr/local/texlive/2024/texmf-dist/tex/context/base/mkii/supp-pdf.mkii
[Loading MPS to PDF converter (version 2006.09.02).]
\scratchcounter=\count289
\scratchdimen=\dimen161
\scratchbox=\box54
\nofMPsegments=\count290
\nofMParguments=\count291
\everyMPshowfont=\toks23
\MPscratchCnt=\count292
\MPscratchDim=\dimen162
\MPnumerator=\count293
\makeMPintoPDFobject=\count294
\everyMPtoPDFconversion=\toks24
) (/usr/local/texlive/2024/texmf-dist/tex/latex/epstopdf-pkg/epstopdf-base.sty
Package: epstopdf-base 2020-01-24 v2.11 Base part for package epstopdf
Package epstopdf-base Info: Redefining graphics rule for `.eps' on input line 4
85.

(/usr/local/texlive/2024/texmf-dist/tex/latex/latexconfig/epstopdf-sys.cfg
File: epstopdf-sys.cfg 2010/07/13 v1.3 Configuration of (r)epstopdf for TeX Liv
e
))
\c@lstlisting=\count295

*geometry* driver: auto-detecting
*geometry* detected driver: pdftex
*geometry* verbose mode - [ preamble ] result:
* driver: pdftex
* paper: <default>
* layout: <same size as paper>
* layoutoffset:(h,v)=(0.0pt,0.0pt)
* modes: 
* h-part:(L,W,R)=(82.51299pt, 449.26903pt, 82.51299pt)
* v-part:(T,H,B)=(82.51299pt, 629.94402pt, 82.51299pt)
* \paperwidth=614.295pt
* \paperheight=794.96999pt
* \textwidth=449.26903pt
* \textheight=629.94402pt
* \oddsidemargin=10.243pt
* \evensidemargin=10.243pt
* \topmargin=-26.757pt
* \headheight=12.0pt
* \headsep=25.0pt
* \topskip=12.0pt
* \footskip=30.0pt
* \marginparwidth=44.0pt
* \marginparsep=10.0pt
* \columnsep=10.0pt
* \skip\footins=10.8pt plus 4.0pt minus 2.0pt
* \hoffset=0.0pt
* \voffset=0.0pt
* \mag=1000
* \@twocolumnfalse
* \@twosidefalse
* \@mparswitchfalse
* \@reversemarginfalse
* (1in=72.27pt=25.4mm, 1cm=28.453pt)

LaTeX Font Info:    External font `cmex10' loaded for size
(Font)              <14.4> on input line 35.
LaTeX Font Info:    External font `cmex10' loaded for size
(Font)              <7> on input line 35.
LaTeX Font Info:    Trying to load font information for T1+cmtt on input line 5
6.
(/usr/local/texlive/2024/texmf-dist/tex/latex/base/t1cmtt.fd
File: t1cmtt.fd 2023/04/13 v2.5m Standard LaTeX font definitions
)
Underfull \hbox (badness 10000) in paragraph at lines 38--58

 []


Underfull \hbox (badness 10000) in paragraph at lines 38--58

 []


Underfull \hbox (badness 10000) in paragraph at lines 38--58

 []


Underfull \hbox (badness 10000) in paragraph at lines 70--83

 []

[1

{/usr/local/texlive/2024/texmf-var/fonts/map/pdftex/updmap/pdftex.map}{/usr/loc
al/texlive/2024/texmf-dist/fonts/enc/dvips/cm-super/cm-super-t1.enc}]
Overfull \hbox (450.0pt too wide) detected at line 87
[]
 []


Overfull \hbox (50.73097pt too wide) in paragraph at lines 105--106
[] 
 []

LaTeX Font Info:    Font shape `T1/cmtt/bx/n' in size <12> not available
(Font)              Font shape `T1/cmtt/m/n' tried instead on input line 107.
[2]
Overfull \hbox (450.0pt too wide) detected at line 117
[]
 []


Overfull \hbox (50.73097pt too wide) in paragraph at lines 140--141
[] 
 []


Overfull \hbox (450.0pt too wide) detected at line 152
[]
 []


Overfull \hbox (50.73097pt too wide) in paragraph at lines 171--172
[] 
 []

[3]
Overfull \hbox (450.0pt too wide) detected at line 184
[]
 []


Overfull \hbox (50.73097pt too wide) in paragraph at lines 197--198
[] 
 []

[4]
Overfull \hbox (450.0pt too wide) detected at line 210
[]
 []


Overfull \hbox (450.0pt too wide) detected at line 249
[]
 []


Overfull \hbox (50.73097pt too wide) in paragraph at lines 262--263
[] 
 []

[5]
LaTeX Font Info:    External font `cmex10' loaded for size
(Font)              <12> on input line 273.
LaTeX Font Info:    External font `cmex10' loaded for size
(Font)              <8> on input line 273.
LaTeX Font Info:    External font `cmex10' loaded for size
(Font)              <6> on input line 273.
 [6]
Overfull \hbox (450.0pt too wide) detected at line 318
[]
 []


Overfull \hbox (50.73097pt too wide) in paragraph at lines 341--342
[] 
 []

[7]
Overfull \hbox (450.0pt too wide) detected at line 386
[]
 []


Overfull \hbox (30.73097pt too wide) in paragraph at lines 406--407
[] 
 []

[8]
Overfull \hbox (450.0pt too wide) detected at line 422
[]
 []


Overfull \hbox (50.73097pt too wide) in paragraph at lines 441--442
[] 
 []

[9]
Overfull \hbox (450.0pt too wide) detected at line 466
[]
 []


Overfull \hbox (50.73097pt too wide) in paragraph at lines 484--485
[] 
 []


Overfull \hbox (450.0pt too wide) detected at line 491
[]
 []


Overfull \hbox (50.73097pt too wide) in paragraph at lines 508--509
[] 
 []


Overfull \hbox (450.0pt too wide) detected at line 515
[]
 []


Overfull \hbox (50.73097pt too wide) in paragraph at lines 540--541
[] 
 []

[10]
Overfull \hbox (4.14249pt too wide) in paragraph at lines 548--566
\T1/cmr/m/n/12 In die-ser Auf-ga-be sol-len Sie die ab-strak-te Klas-se \T1/cmt
t/m/n/12 Message \T1/cmr/m/n/12 im Packa-ge $\T1/cmtt/m/n/12 protocol . message
s$
 []


Underfull \hbox (badness 10000) in paragraph at lines 548--566

 []


Underfull \hbox (badness 10000) in paragraph at lines 548--566

 []


Underfull \hbox (badness 10000) in paragraph at lines 548--566

 []


Underfull \hbox (badness 10000) in paragraph at lines 548--566

 []

[11]
Overfull \hbox (3.35939pt too wide) in paragraph at lines 569--577
\T1/cmr/m/n/12 In die-ser Auf-ga-be im-ple-men-tie-ren Sie die Klas-se \T1/cmtt
/m/n/12 RegisterMessage \T1/cmr/m/n/12 im Packa-ge $\T1/cmtt/m/n/12 protocol .
 []


Underfull \hbox (badness 10000) in paragraph at lines 569--577

 []


Underfull \hbox (badness 10000) in paragraph at lines 569--577

 []


Underfull \hbox (badness 10000) in paragraph at lines 582--588

 []


Overfull \hbox (21.87987pt too wide) in paragraph at lines 591--598
\T1/cmr/m/n/12 In die-ser Auf-ga-be im-ple-men-tie-ren Sie die Klas-se \T1/cmtt
/m/n/12 QueueUpdateMessage \T1/cmr/m/n/12 im Packa-ge $\T1/cmtt/m/n/12 protocol
 .
 []


Underfull \hbox (badness 10000) in paragraph at lines 591--598

 []

[12{/usr/local/texlive/2024/texmf-dist/fonts/enc/dvips/cm-super/cm-super-ts1.en
c}]
Underfull \hbox (badness 10000) in paragraph at lines 603--613

 []


Overfull \hbox (15.70638pt too wide) in paragraph at lines 616--623
\T1/cmr/m/n/12 In die-ser Auf-ga-be im-ple-men-tie-ren Sie die Klas-se \T1/cmtt
/m/n/12 LeaveQueueMessage \T1/cmr/m/n/12 im Packa-ge $\T1/cmtt/m/n/12 protocol 
.
 []


Underfull \hbox (badness 10000) in paragraph at lines 616--623

 []


Underfull \hbox (badness 10000) in paragraph at lines 616--623

 []


Overfull \hbox (9.53288pt too wide) in paragraph at lines 626--633
\T1/cmr/m/n/12 In die-ser Auf-ga-be im-ple-men-tie-ren Sie die Klas-se \T1/cmtt
/m/n/12 JoinQueueMessage \T1/cmr/m/n/12 im Packa-ge $\T1/cmtt/m/n/12 protocol .

 []


Underfull \hbox (badness 10000) in paragraph at lines 626--633

 []


Underfull \hbox (badness 10000) in paragraph at lines 636--650

 []


Underfull \hbox (badness 10000) in paragraph at lines 636--650

 []

[13]
Overfull \hbox (15.70638pt too wide) in paragraph at lines 653--668
\T1/cmr/m/n/12 In die-ser Auf-ga-be im-ple-men-tie-ren Sie die Klas-se \T1/cmtt
/m/n/12 CreateGameMessage \T1/cmr/m/n/12 im Packa-ge $\T1/cmtt/m/n/12 protocol 
.
 []


Underfull \hbox (badness 10000) in paragraph at lines 653--668

 []


Underfull \hbox (badness 10000) in paragraph at lines 653--668

 []


Underfull \hbox (badness 10000) in paragraph at lines 653--668

 []


Overfull \hbox (8.64977pt too wide) in paragraph at lines 653--668
\T1/cmr/m/n/12 Implementieren Sie zu-sätz-lich ei-ne öf-fent-li-che Getter-Meth
ode na-mens \T1/cmtt/m/n/12 getGameOptions()\T1/cmr/m/n/12 ,
 []


Overfull \hbox (9.53288pt too wide) in paragraph at lines 671--679
\T1/cmr/m/n/12 In die-ser Auf-ga-be im-ple-men-tie-ren Sie die Klas-se \T1/cmtt
/m/n/12 LeaveGameMessage \T1/cmr/m/n/12 im Packa-ge $\T1/cmtt/m/n/12 protocol .

 []


Underfull \hbox (badness 10000) in paragraph at lines 671--679

 []

[14]
Overfull \hbox (15.70638pt too wide) in paragraph at lines 682--695
\T1/cmr/m/n/12 In die-ser Auf-ga-be im-ple-men-tie-ren Sie die Klas-se \T1/cmtt
/m/n/12 PlayerMoveMessage \T1/cmr/m/n/12 im Packa-ge $\T1/cmtt/m/n/12 protocol 
.
 []


Underfull \hbox (badness 10000) in paragraph at lines 682--695

 []


Underfull \hbox (badness 10000) in paragraph at lines 682--695

 []


Underfull \hbox (badness 10000) in paragraph at lines 682--695

 []


Overfull \hbox (21.87987pt too wide) in paragraph at lines 698--702
\T1/cmr/m/n/12 In die-ser Auf-ga-be im-ple-men-tie-ren Sie die Klas-se \T1/cmtt
/m/n/12 PlayerHoverMessage \T1/cmr/m/n/12 im Packa-ge $\T1/cmtt/m/n/12 protocol
 .
 []


Underfull \hbox (badness 10000) in paragraph at lines 698--702

 []


Underfull \hbox (badness 10000) in paragraph at lines 706--709

 []


Overfull \hbox (1.21954pt too wide) in paragraph at lines 713--714
[]\T1/cmtt/m/n/12 affectedFields \T1/cmr/m/n/12 vom Typ \T1/cmtt/m/n/12 ArrayLi
st<Cell>\T1/cmr/m/n/12 : Lis-te der Zel-len, die durch das Hover-
 []


Overfull \hbox (6.18364pt too wide) in paragraph at lines 717--718
[]\T1/cmr/m/n/12 Einen Kon-struk-tor mit den Pa-ra-me-tern \T1/cmtt/m/n/12 UUID
 userId\T1/cmr/m/n/12 , \T1/cmtt/m/n/12 int x\T1/cmr/m/n/12 , \T1/cmtt/m/n/12 i
nt y\T1/cmr/m/n/12 , und \T1/cmtt/m/n/12 ArrayList
 []

[15]
Underfull \hbox (badness 10000) in paragraph at lines 725--732

 []


Underfull \hbox (badness 10000) in paragraph at lines 736--743

 []


Overfull \hbox (17.80849pt too wide) in paragraph at lines 736--743
\T1/cmr/m/n/12 Implementieren Sie zu-sätz-lich \T1/cmr/bx/n/12 öf-fent-li-che G
etter-Methoden \T1/cmr/m/n/12 für bei-de At-tri-bu-te (\T1/cmtt/m/n/12 getGame
 []


Overfull \hbox (1.67624pt too wide) in paragraph at lines 746--763
\T1/cmr/bx/n/12 neue Po-si-tio-nie-rung sei-ner Schif-fe \T1/cmr/m/n/12 mit-tei
lt. Die Klas-se \T1/cmtt/m/n/12 PlayerUpdateShipPlacement
 []


Underfull \hbox (badness 10000) in paragraph at lines 746--763

 []


Underfull \hbox (badness 10000) in paragraph at lines 746--763

 []


Underfull \hbox (badness 10000) in paragraph at lines 746--763

 []

[16]
Overfull \hbox (21.87987pt too wide) in paragraph at lines 766--783
\T1/cmr/m/n/12 In die-ser Auf-ga-be im-ple-men-tie-ren Sie die Klas-se \T1/cmtt
/m/n/12 PlayerReadyMessage \T1/cmr/m/n/12 im Packa-ge $\T1/cmtt/m/n/12 protocol
 .
 []


Underfull \hbox (badness 10000) in paragraph at lines 766--783

 []


Underfull \hbox (badness 10000) in paragraph at lines 766--783

 []


Underfull \hbox (badness 10000) in paragraph at lines 766--783

 []


Underfull \hbox (badness 10000) in paragraph at lines 786--803

 []


Underfull \hbox (badness 10000) in paragraph at lines 786--803

 []


Overfull \hbox (10.75058pt too wide) in paragraph at lines 786--803
\T1/cmr/m/n/12 den Spiel-zu-stand zu er-mög-li-chen. Über-schrei-ben Sie ab-sch
lie-ÿend die Me-tho-de \T1/cmtt/m/n/12 toString()\T1/cmr/m/n/12 ,
 []


Underfull \hbox (badness 10000) in paragraph at lines 786--803

 []

[17]
Underfull \hbox (badness 10000) in paragraph at lines 811--811
[]$\T1/cmtt/m/n/12 protocol . messages . game .
 []


Underfull \hbox (badness 10000) in paragraph at lines 813--813
[]$\T1/cmtt/m/n/12 protocol . messages . game .
 []


Underfull \hbox (badness 10000) in paragraph at lines 815--815
[]$\T1/cmtt/m/n/12 protocol . messages . game . building .
 []


Underfull \hbox (badness 10000) in paragraph at lines 817--817
[]$\T1/cmtt/m/n/12 protocol . messages . game . ingame .
 []


Underfull \hbox (badness 10000) in paragraph at lines 819--819
[]$\T1/cmtt/m/n/12 protocol . messages . game . ingame .
 []


Underfull \hbox (badness 10000) in paragraph at lines 821--821
[]$\T1/cmtt/m/n/12 protocol . messages . game . building .
 []


Overfull \hbox (1.5223pt too wide) in paragraph at lines 807--824
 [] 
 []


Underfull \hbox (badness 10000) in paragraph at lines 832--841

 []


Underfull \hbox (badness 10000) in paragraph at lines 832--841

 []

[18]
Underfull \hbox (badness 10000) in paragraph at lines 857--882

 []


Underfull \hbox (badness 10000) in paragraph at lines 857--882

 []


Underfull \hbox (badness 10000) in paragraph at lines 857--882

 []


Underfull \hbox (badness 10000) in paragraph at lines 857--882

 []


Overfull \hbox (14.0569pt too wide) in paragraph at lines 857--882
\T1/cmr/m/n/12 Für je-de an-ge-nom-me-ne Client-Verbindung er-stel-len Sie ei-n
e neue In-stanz von \T1/cmtt/m/n/12 ServerPlayer
 []


Underfull \hbox (badness 10000) in paragraph at lines 857--882

 []


Overfull \hbox (0.19083pt too wide) in paragraph at lines 857--882
\T1/cmr/m/n/12 Zum Schluss ru-fen Sie nach je-der an-ge-nom-me-nen Ver-bin-dung
 die Me-tho-de \T1/cmtt/m/n/12 updatePlayer
 []


Underfull \hbox (badness 10000) in paragraph at lines 857--882

 []


Overfull \hbox (12.61967pt too wide) in paragraph at lines 885--901
\T1/cmr/m/n/12 In die-ser Auf-ga-be im-ple-men-tie-ren Sie die Me-tho-de \T1/cm
tt/m/n/12 registerGame(BattleShipGame game)\T1/cmr/m/n/12 ,
 []


Underfull \hbox (badness 10000) in paragraph at lines 885--901

 []


Underfull \hbox (badness 10000) in paragraph at lines 885--901

 []


Underfull \hbox (badness 10000) in paragraph at lines 885--901

 []

[19]
Underfull \hbox (badness 10000) in paragraph at lines 904--917

 []


Underfull \hbox (badness 10000) in paragraph at lines 904--917

 []


Underfull \hbox (badness 10000) in paragraph at lines 904--917

 []


Underfull \hbox (badness 10000) in paragraph at lines 920--936

 []


Underfull \hbox (badness 10000) in paragraph at lines 920--936

 []


Underfull \hbox (badness 10000) in paragraph at lines 920--936

 []


Underfull \hbox (badness 10000) in paragraph at lines 920--936

 []

[20]
Underfull \hbox (badness 10000) in paragraph at lines 939--949

 []


Underfull \hbox (badness 10000) in paragraph at lines 939--949

 []


Overfull \hbox (0.27269pt too wide) in paragraph at lines 952--960
\T1/cmr/m/n/12 In die-ser Auf-ga-be im-ple-men-tie-ren Sie die Me-tho-de \T1/cm
tt/m/n/12 addToQueue(ServerPlayer player)\T1/cmr/m/n/12 ,
 []


Underfull \hbox (badness 10000) in paragraph at lines 952--960

 []


Underfull \hbox (badness 10000) in paragraph at lines 963--971

 []

[21]
Underfull \hbox (badness 10000) in paragraph at lines 974--990

 []


Underfull \hbox (badness 10000) in paragraph at lines 974--990

 []


Overfull \hbox (14.50671pt too wide) in paragraph at lines 1004--1012
\T1/cmtt/m/n/12 game.removePlayer(this) \T1/cmr/m/n/12 aus dem Spiel, sen-den e
i-ne \T1/cmtt/m/n/12 ErrorMessage \T1/cmr/m/n/12 (\T1/cmtt/m/n/12 sendMessage(.
..)\T1/cmr/m/n/12 )
 []


Overfull \hbox (36.50684pt too wide) in paragraph at lines 1004--1012
\T1/cmr/m/n/12 Spie-ler \T1/cmr/bx/n/12 nicht \T1/cmr/m/n/12 in der War-te-schl
an-ge ist, prü-fen Sie dies mit \T1/cmtt/m/n/12 server.getQueue().contains(...)
\T1/cmr/m/n/12 .
 []


Overfull \hbox (14.41371pt too wide) in paragraph at lines 1004--1012
\T1/cmr/m/n/12 Wenn der Spie-ler nicht ent-hal-ten ist, ru-fen Sie die Me-tho-d
e \T1/cmtt/m/n/12 broadcastQueueStateUpdate()
 []


Overfull \hbox (26.10939pt too wide) in paragraph at lines 1004--1012
\T1/cmr/m/n/12 mit \T1/cmtt/m/n/12 server.removeFromQueue(...) \T1/cmr/m/n/12 u
nd sen-den da-nach ein \T1/cmtt/m/n/12 broadcastQueueStateUpdate()\T1/cmr/m/n/1
2 ,
 []

[22]
Overfull \hbox (39.35889pt too wide) in paragraph at lines 1015--1024
\T1/cmr/m/n/12 Spie-l-op-tio-nen zu-zu-grei-fen. An-schlie-ÿend prü-fen Sie mit
 \T1/cmtt/m/n/12 createGameMessage.getGameOptions()
 []


Overfull \hbox (18.83066pt too wide) in paragraph at lines 1027--1037
\T1/cmr/m/n/12 men-tiert wer-den. Zu-erst cas-ten Sie die emp-fan-ge-ne Nach-ri
cht zu \T1/cmtt/m/n/12 JoinGameWithCodeMessage\T1/cmr/m/n/12 ,
 []


Overfull \hbox (15.80498pt too wide) in paragraph at lines 1027--1037
\T1/cmtt/m/n/12 ALREADY_IN_GAME\T1/cmr/m/n/12 . Wenn nicht, ru-fen Sie die Me-t
ho-de \T1/cmtt/m/n/12 server.getGameFromJoinCode(...)
 []


Overfull \hbox (2.04439pt too wide) in paragraph at lines 1049--1059
\T1/cmr/m/n/12 In die-ser Auf-ga-be soll die Ver-ar-bei-tung ei-ner \T1/cmtt/m/
n/12 PLAYER_UPDATE_SHIP_PLACEMENT\T1/cmr/m/n/12 -Nachricht
 []


Underfull \hbox (badness 10000) in paragraph at lines 1049--1059

 []


Underfull \hbox (badness 10000) in paragraph at lines 1049--1059

 []


Overfull \hbox (8.74422pt too wide) in paragraph at lines 1049--1059
\T1/cmr/m/n/12 Falls der Spie-ler in ei-nem Spiel ist, ru-fen Sie die Me-tho-de
 \T1/cmtt/m/n/12 game.onPlayerPlaceShips(...)
 []

[23]
Underfull \hbox (badness 10000) in paragraph at lines 1062--1068

 []


Overfull \hbox (9.86612pt too wide) in paragraph at lines 1085--1101
\T1/cmr/m/n/12 Implementieren Sie den Kon-struk-tor der Klas-se \T1/cmtt/m/n/12
 ClientHandler \T1/cmr/m/n/12 (in \T1/cmtt/m/n/12 client.Client.java\T1/cmr/m/n
/12 ),
 []


Underfull \hbox (badness 10000) in paragraph at lines 1085--1101

 []


Overfull \hbox (3.3831pt too wide) in paragraph at lines 1085--1101
\T1/cmr/m/n/12 Der Kon-struk-tor er-hält die Pa-ra-me-ter \T1/cmtt/m/n/12 serve
rAddress \T1/cmr/m/n/12 (Server-Adresse) und \T1/cmtt/m/n/12 port \T1/cmr/m/n/1
2 (Server-
 []


Underfull \hbox (badness 10000) in paragraph at lines 1085--1101

 []


Overfull \hbox (15.62587pt too wide) in paragraph at lines 1085--1101
\T1/cmr/m/n/12 Nach dem er-folg-rei-chen Auf-bau der Ver-bin-dung in-itia-li-si
e-ren Sie einen \T1/cmtt/m/n/12 ObjectOutputStream
 []


Underfull \hbox (badness 10000) in paragraph at lines 1085--1101

 []


Underfull \hbox (badness 10000) in paragraph at lines 1085--1101

 []


Underfull \hbox (badness 10000) in paragraph at lines 1085--1101

 []

[24]
Underfull \hbox (badness 10000) in paragraph at lines 1104--1114

 []


Underfull \hbox (badness 10000) in paragraph at lines 1104--1114

 []


Overfull \hbox (0.29074pt too wide) in paragraph at lines 1126--1131
\T1/cmr/m/n/12 schlie-ÿend über die Me-tho-de \T1/cmtt/m/n/12 lobbyHandler.onQu
eueUpdate(...) \T1/cmr/m/n/12 an den \T1/cmtt/m/n/12 LobbyHandler
 []

[25]
Overfull \hbox (25.00415pt too wide) in paragraph at lines 1158--1164
\T1/cmr/m/n/12 men-tiert wer-den. Zu-erst cas-ten Sie die emp-fan-ge-ne Nach-ri
cht zu \T1/cmtt/m/n/12 GameBuildingStartMessage\T1/cmr/m/n/12 ,
 []

[26]
Overfull \hbox (4.78957pt too wide) in paragraph at lines 1184--1189
\T1/cmr/m/n/12 Falls ja, über-ge-ben Sie den Spiel-zug zur Ver-ar-bei-tung an \
T1/cmtt/m/n/12 gameHandler.onMoveMade(...)\T1/cmr/m/n/12 . 
 []

[27] (./Muster.aux)
 ***********
LaTeX2e <2023-11-01> patch level 1
L3 programming layer <2024-02-20>
 ***********
Package rerunfilecheck Info: File `Muster.out' has not changed.
(rerunfilecheck)             Checksum: D41D8CD98F00B204E9800998ECF8427E;0.
 ) 
Here is how much of TeX's memory you used:
 11855 strings out of 474116
 185468 string characters out of 5743682
 1936187 words of memory out of 5000000
 33967 multiletter control sequences out of 15000+600000
 569929 words of font info for 60 fonts, out of 8000000 for 9000
 1141 hyphenation exceptions out of 8191
 75i,11n,79p,533b,539s stack positions out of 10000i,1000n,20000p,200000b,200000s
</usr/local/texlive/2024/texmf-dist/fonts/type1/public/amsfonts/cm/cmsy10.pfb
></usr/local/texlive/2024/texmf-dist/fonts/type1/public/cm-super/sfbi1200.pfb><
/usr/local/texlive/2024/texmf-dist/fonts/type1/public/cm-super/sfbx1200.pfb></u
sr/local/texlive/2024/texmf-dist/fonts/type1/public/cm-super/sfbx1440.pfb></usr
/local/texlive/2024/texmf-dist/fonts/type1/public/cm-super/sfbx1728.pfb></usr/l
ocal/texlive/2024/texmf-dist/fonts/type1/public/cm-super/sfbx2074.pfb></usr/loc
al/texlive/2024/texmf-dist/fonts/type1/public/cm-super/sfrm1200.pfb></usr/local
/texlive/2024/texmf-dist/fonts/type1/public/cm-super/sfrm1440.pfb></usr/local/t
exlive/2024/texmf-dist/fonts/type1/public/cm-super/sfti1200.pfb></usr/local/tex
live/2024/texmf-dist/fonts/type1/public/cm-super/sftt1200.pfb>
Output written on Muster.pdf (27 pages, 270687 bytes).
PDF statistics:
 280 PDF objects out of 1000 (max. 8388607)
 227 compressed objects within 3 object streams
 108 named destinations out of 1000 (max. 500000)
 1 words of extra memory for PDF output out of 10000 (max. 10000000)

